\BOOKMARK [1][-]{Doc-Start}{\376\377\000A\000b\000s\000t\000r\000a\000c\000t}{}% 1
\BOOKMARK [1][-]{section.1}{\376\377\000I\000n\000t\000r\000o\000d\000u\000c\000t\000i\000o\000n}{}% 2
\BOOKMARK [2][-]{subsection.1.1}{\376\377\000T\000h\000e\000\040\000P\000r\000o\000b\000l\000e\000m\000\040\000K\000r\000i\000p\000k\000e\000\040\000L\000e\000f\000t\000\040\000O\000p\000e\000n}{section.1}% 3
\BOOKMARK [2][-]{subsection.1.2}{\376\377\000T\000w\000o\000\040\000O\000p\000e\000r\000a\000t\000i\000o\000n\000s\000\040\000o\000f\000\040\000F\000i\000x\000i\000n\000g}{section.1}% 4
\BOOKMARK [2][-]{subsection.1.3}{\376\377\000T\000h\000e\000\040\000T\000h\000e\000s\000i\000s}{section.1}% 5
\BOOKMARK [2][-]{subsection.1.4}{\376\377\000F\000o\000u\000r\000\040\000C\000o\000n\000v\000e\000r\000g\000i\000n\000g\000\040\000A\000r\000g\000u\000m\000e\000n\000t\000s}{section.1}% 6
\BOOKMARK [2][-]{subsection.1.5}{\376\377\000M\000e\000t\000h\000o\000d\000o\000l\000o\000g\000y\000\040\000a\000n\000d\000\040\000S\000c\000o\000p\000e}{section.1}% 7
\BOOKMARK [2][-]{subsection.1.6}{\376\377\000R\000o\000a\000d\000m\000a\000p}{section.1}% 8
\BOOKMARK [1][-]{section.2}{\376\377\000I\000d\000e\000n\000t\000i\000t\000y\000,\000\040\000O\000b\000j\000e\000c\000t\000s\000,\000\040\000a\000n\000d\000\040\000D\000e\000s\000i\000g\000n\000a\000t\000o\000r\000s}{}% 9
\BOOKMARK [2][-]{subsection.2.1}{\376\377\000W\000h\000a\000t\000\040\000t\000h\000e\000\040\000F\000o\000r\000m\000u\000l\000a\000\040\000A\000c\000t\000u\000a\000l\000l\000y\000\040\000D\000o\000e\000s}{section.2}% 10
\BOOKMARK [2][-]{subsection.2.2}{\376\377\000T\000h\000r\000e\000e\000\040\000L\000e\000v\000e\000l\000s\000\040\000o\000f\000\040\000`\000`\000O\000b\000j\000e\000c\000t\000'\000'}{section.2}% 11
\BOOKMARK [2][-]{subsection.2.3}{\376\377\000T\000h\000e\000\040\000C\000o\000g\000n\000i\000t\000i\000v\000e\000-\000M\000e\000c\000h\000a\000n\000i\000s\000m\000\040\000G\000a\000p}{section.2}% 12
\BOOKMARK [1][-]{section.3}{\376\377\000F\000r\000o\000m\000\040\000R\000u\000s\000s\000e\000l\000l\000\040\000t\000o\000\040\000K\000r\000i\000p\000k\000e\000:\000\040\000T\000h\000e\000\040\000A\000r\000g\000u\000m\000e\000n\000t\000\040\000f\000o\000r\000\040\000R\000i\000g\000i\000d\000\040\000D\000e\000s\000i\000g\000n\000a\000t\000i\000o\000n}{}% 13
\BOOKMARK [2][-]{subsection.3.1}{\376\377\000O\000v\000e\000r\000v\000i\000e\000w}{section.3}% 14
\BOOKMARK [2][-]{subsection.3.2}{\376\377\000R\000i\000g\000i\000d\000\040\000D\000e\000s\000i\000g\000n\000a\000t\000i\000o\000n\000:\000\040\000K\000r\000i\000p\000k\000e\000'\000s\000\040\000I\000n\000d\000e\000p\000e\000n\000d\000e\000n\000t\000\040\000A\000r\000g\000u\000m\000e\000n\000t}{section.3}% 15
\BOOKMARK [2][-]{subsection.3.3}{\376\377\000W\000h\000y\000\040\000D\000e\000s\000c\000r\000i\000p\000t\000i\000o\000n\000s\000\040\000C\000a\000n\000n\000o\000t\000\040\000S\000u\000p\000p\000l\000y\000\040\000R\000i\000g\000i\000d\000i\000t\000y}{section.3}% 16
\BOOKMARK [2][-]{subsection.3.4}{\376\377\000R\000u\000s\000s\000e\000l\000l\000'\000s\000\040\000M\000e\000c\000h\000a\000n\000i\000s\000m\000\040\000a\000n\000d\000\040\000H\000i\000s\000\040\000R\000e\000t\000r\000e\000a\000t}{section.3}% 17
\BOOKMARK [2][-]{subsection.3.5}{\376\377\000B\000a\000p\000t\000i\000s\000m\000\040\000a\000n\000d\000\040\000t\000h\000e\000\040\000C\000a\000u\000s\000a\000l\000\040\000C\000h\000a\000i\000n}{section.3}% 18
\BOOKMARK [2][-]{subsection.3.6}{\376\377\000T\000h\000e\000\040\000E\000x\000p\000l\000a\000n\000a\000t\000o\000r\000y\000\040\000G\000a\000p}{section.3}% 19
\BOOKMARK [2][-]{subsection.3.7}{\376\377\000E\000x\000i\000s\000t\000i\000n\000g\000\040\000C\000o\000g\000n\000i\000t\000i\000v\000e\000\040\000I\000m\000p\000l\000e\000m\000e\000n\000t\000a\000t\000i\000o\000n\000s}{section.3}% 20
\BOOKMARK [2][-]{subsection.3.8}{\376\377\000S\000u\000m\000m\000a\000r\000y\000\040\000a\000n\000d\000\040\000T\000r\000a\000n\000s\000i\000t\000i\000o\000n}{section.3}% 21
\BOOKMARK [1][-]{section.4}{\376\377\000T\000h\000e\000\040\000F\000u\000n\000c\000t\000i\000o\000n\000a\000l\000-\000M\000o\000d\000e\000\040\000D\000i\000s\000t\000i\000n\000c\000t\000i\000o\000n}{}% 22
\BOOKMARK [2][-]{subsection.4.1}{\376\377\000T\000h\000e\000\040\000x\000\136\000o\000/\000x\000\136\000c\000\040\000F\000u\000n\000c\000t\000i\000o\000n\000a\000l\000-\000M\000o\000d\000e\000\040\000D\000i\000s\000t\000i\000n\000c\000t\000i\000o\000n}{section.4}% 23
\BOOKMARK [2][-]{subsection.4.2}{\376\377\000\134\000m\000a\000t\000h\000c\000a\000l\000\173\000R\000\175\000\040\000a\000s\000\040\000C\000o\000o\000r\000d\000i\000n\000a\000t\000i\000o\000n}{section.4}% 24
\BOOKMARK [2][-]{subsection.4.3}{\376\377\000L\000o\000c\000a\000l\000\040\000R\000i\000g\000i\000d\000i\000t\000y\000\040\000a\000t\000\040\000x\000\136\000o}{section.4}% 25
\BOOKMARK [2][-]{subsection.4.4}{\376\377\000D\000e\000\040\000R\000e\000\040\000a\000n\000d\000\040\000D\000e\000\040\000D\000i\000c\000t\000o\000:\000\040\000S\000c\000o\000p\000e\000\040\000a\000n\000d\000\040\000t\000h\000e\000\040\000H\000o\000l\000d\000i\000n\000g\000-\000F\000i\000x\000e\000d\000\040\000O\000p\000e\000r\000a\000t\000i\000o\000n}{section.4}% 26
\BOOKMARK [2][-]{subsection.4.5}{\376\377\000T\000h\000e\000\040\000N\000e\000c\000e\000s\000s\000a\000r\000y\000\040\000A\000\040\000P\000o\000s\000t\000e\000r\000i\000o\000r\000i\000\040\000a\000t\000\040\000t\000h\000e\000\040\000L\000e\000v\000e\000l\000\040\000D\000i\000s\000t\000i\000n\000c\000t\000i\000o\000n}{section.4}% 27
\BOOKMARK [1][-]{section.5}{\376\377\000T\000h\000e\000\040\000P\000R\000U\000\040\000A\000c\000c\000o\000u\000n\000t\000\040\000o\000f\000\040\000R\000i\000g\000i\000d\000\040\000D\000e\000s\000i\000g\000n\000a\000t\000i\000o\000n}{}% 28
\BOOKMARK [2][-]{subsection.5.1}{\376\377\000T\000h\000e\000\040\000P\000R\000U\000\040\000F\000r\000a\000m\000e\000w\000o\000r\000k}{section.5}% 29
\BOOKMARK [2][-]{subsection.5.2}{\376\377\000L\000o\000c\000a\000l\000\040\000R\000i\000g\000i\000d\000i\000t\000y\000:\000\040\000x\000\136\000o\000\040\000a\000s\000\040\000t\000h\000e\000\040\000L\000a\000n\000g\000u\000a\000g\000e\000\040\000P\000r\000i\000m\000i\000t\000i\000v\000e}{section.5}% 30
\BOOKMARK [2][-]{subsection.5.3}{\376\377\000T\000h\000e\000\040\000P\000r\000o\000b\000l\000e\000m\000\040\000o\000f\000\040\000A\000b\000s\000e\000n\000c\000e}{section.5}% 31
\BOOKMARK [2][-]{subsection.5.4}{\376\377\000B\000a\000p\000t\000i\000s\000m\000\040\000a\000s\000\040\000L\000i\000f\000t\000i\000n\000g}{section.5}% 32
\BOOKMARK [2][-]{subsection.5.5}{\376\377\000C\000a\000u\000s\000a\000l\000\040\000C\000h\000a\000i\000n\000s\000\040\000a\000s\000\040\000T\000e\000s\000t\000i\000m\000o\000n\000i\000a\000l\000\040\000N\000e\000t\000w\000o\000r\000k\000s}{section.5}% 33
\BOOKMARK [2][-]{subsection.5.6}{\376\377\000A\000t\000t\000r\000i\000b\000u\000t\000i\000o\000n\000\040\000a\000f\000t\000e\000r\000\040\000T\000r\000a\000n\000s\000m\000i\000s\000s\000i\000o\000n}{section.5}% 34
\BOOKMARK [2][-]{subsection.5.7}{\376\377\000P\000R\000U\000\040\000a\000s\000\040\000M\000e\000t\000a\000s\000e\000m\000a\000n\000t\000i\000c\000s}{section.5}% 35
\BOOKMARK [1][-]{section.6}{\376\377\000O\000b\000j\000e\000c\000t\000i\000o\000n\000s\000\040\000a\000n\000d\000\040\000R\000e\000p\000l\000i\000e\000s}{}% 36
\BOOKMARK [2][-]{subsection.6.1}{\376\377\000T\000h\000e\000\040\000R\000e\000s\000t\000a\000t\000e\000m\000e\000n\000t\000\040\000O\000b\000j\000e\000c\000t\000i\000o\000n}{section.6}% 37
\BOOKMARK [2][-]{subsection.6.2}{\376\377\000T\000h\000e\000\040\000S\000o\000p\000h\000i\000s\000t\000i\000c\000a\000t\000e\000d\000-\000D\000e\000s\000c\000r\000i\000p\000t\000i\000v\000i\000s\000m\000\040\000O\000b\000j\000e\000c\000t\000i\000o\000n}{section.6}% 38
\BOOKMARK [2][-]{subsection.6.3}{\376\377\000T\000h\000e\000\040\000U\000n\000a\000r\000g\000u\000e\000d\000-\000C\000a\000t\000e\000g\000o\000r\000i\000a\000l\000-\000F\000e\000a\000t\000u\000r\000e\000\040\000O\000b\000j\000e\000c\000t\000i\000o\000n}{section.6}% 39
\BOOKMARK [2][-]{subsection.6.4}{\376\377\000T\000h\000e\000\040\000`\000`\000x\000\136\000o\000\040\000I\000s\000\040\000J\000u\000s\000t\000\040\000P\000e\000r\000c\000e\000p\000t\000i\000o\000n\000'\000'\000\040\000O\000b\000j\000e\000c\000t\000i\000o\000n}{section.6}% 40
\BOOKMARK [2][-]{subsection.6.5}{\376\377\000T\000w\000o\000\040\000S\000m\000a\000l\000l\000e\000r\000\040\000O\000b\000j\000e\000c\000t\000i\000o\000n\000s}{section.6}% 41
\BOOKMARK [2][-]{subsection.6.6}{\376\377\000W\000h\000a\000t\000\040\000t\000h\000e\000\040\000O\000b\000j\000e\000c\000t\000i\000o\000n\000s\000\040\000L\000e\000a\000v\000e\000\040\000S\000t\000a\000n\000d\000i\000n\000g}{section.6}% 42
\BOOKMARK [1][-]{section.7}{\376\377\000C\000o\000n\000c\000l\000u\000s\000i\000o\000n}{}% 43
\BOOKMARK [2][-]{subsection.7.1}{\376\377\000W\000h\000a\000t\000\040\000H\000a\000s\000\040\000B\000e\000e\000n\000\040\000A\000r\000g\000u\000e\000d}{section.7}% 44
\BOOKMARK [2][-]{subsection.7.2}{\376\377\000W\000h\000a\000t\000\040\000R\000e\000m\000a\000i\000n\000s\000\040\000O\000p\000e\000n}{section.7}% 45
\BOOKMARK [2][-]{subsection.7.3}{\376\377\000T\000h\000e\000\040\000S\000h\000a\000p\000e\000\040\000o\000f\000\040\000t\000h\000e\000\040\000R\000e\000s\000u\000l\000t}{section.7}% 46
\BOOKMARK [1][-]{section.8}{\376\377\000B\000i\000b\000l\000i\000o\000g\000r\000a\000p\000h\000y}{}% 47
\BOOKMARK [2][-]{subsection.8.1}{\376\377\000P\000r\000i\000m\000a\000r\000y\000\040\000L\000i\000t\000e\000r\000a\000t\000u\000r\000e}{section.8}% 48
\BOOKMARK [2][-]{subsection.8.2}{\376\377\000S\000e\000c\000o\000n\000d\000a\000r\000y\000\040\000L\000i\000t\000e\000r\000a\000t\000u\000r\000e}{section.8}% 49
\BOOKMARK [2][-]{subsection.8.3}{\376\377\000A\000u\000t\000h\000o\000r\000'\000s\000\040\000O\000w\000n\000\040\000W\000o\000r\000k}{section.8}% 50
